mysql> DROP DATABASE mydb;
ERROR 1008 (HY000): Can't drop database 'mydb'; database doesn't exist
mysql>
mysql> CREATE DATABASE mydb;
Query OK, 1 row affected (0.01 sec)

mysql>
mysql> use mydb;
Database changed
mysql>
mysql> CREATE TABLE branchtable(
    -> bid varchar(10) PRIMARY KEY,
    ->     branchname varchar(50) not null
    -> );
Query OK, 0 rows affected (0.03 sec)

mysql>
mysql> INSERT INTO branchtable (bid, branchname) VALUES
    ->     ('IT', 'Information Technology'),
    ->     ('CS', 'Computer Science'),
    ->     ('ENTC', 'Electronics');
Query OK, 3 rows affected (0.00 sec)
Records: 3  Duplicates: 0  Warnings: 0

mysql>
mysql> CREATE TABLE student (
    -> sid INT PRIMARY KEY,
    ->     name VARCHAR(30) NOT NULL,
    ->
    -> /*
   /*> -- 1. syntax to add foreign key column
   /*> branchid VARCHAR(10) NOT NULL,
   /*> CONSTRAINT fk_branch
   /*> FOREIGN key(branch) REFERENCES branchtable(branch_id)
   /*>         ON DELETE CASCADE,
   /*> */
    ->     enroll_date DATETIME default current_timestamp
    -> );
Query OK, 0 rows affected (0.01 sec)

mysql>
mysql>
mysql> INSERT INTO student
    -> (sid, name, enroll_date) VALUES
    -> (100, 'Aman', '2025-03-21 08:00');
Query OK, 1 row affected (0.00 sec)

mysql>
mysql> INSERT INTO student
    -> (sid, name) VALUES
    -> (101, 'Aman'),
    ->         (102, 'Omkar'),
    ->         (103, 'Rohan');
Query OK, 3 rows affected (0.00 sec)
Records: 3  Duplicates: 0  Warnings: 0

mysql>
mysql> -- 2. By using alter command add the foreign key column
mysql> ALTER TABLE student
    -> ADD COLUMN branchid varchar(10),
    ->     ADD CONSTRAINT fk_branchid
    -> FOREIGN KEY(branchid) REFERENCES branchtable(bid)
    ->         ON DELETE CASCADE;
Query OK, 4 rows affected (0.05 sec)
Records: 4  Duplicates: 0  Warnings: 0

mysql>
mysql> -- updating subject column
mysql> UPDATE student SET branchid = 'IT' WHERE sid = 100;
Query OK, 1 row affected (0.00 sec)
Rows matched: 1  Changed: 1  Warnings: 0

mysql> UPDATE student SET branchid = 'CS' WHERE sid = 101;
Query OK, 1 row affected (0.00 sec)
Rows matched: 1  Changed: 1  Warnings: 0

mysql> UPDATE student SET branchid = 'ENTC' WHERE sid = 102;
Query OK, 1 row affected (0.00 sec)
Rows matched: 1  Changed: 1  Warnings: 0

mysql> UPDATE student SET branchid = 'CS' WHERE sid = 103;
Query OK, 1 row affected (0.00 sec)
Rows matched: 1  Changed: 1  Warnings: 0

mysql>
mysql> SELECT sid, name, branchid, date_format(enroll_date, '%d-%m-%Y %r') AS enroll_date FROM student;
+-----+-------+----------+------------------------+
| sid | name  | branchid | enroll_date            |
+-----+-------+----------+------------------------+
| 100 | Aman  | IT       | 21-03-2025 08:00:00 AM |
| 101 | Aman  | CS       | 24-03-2025 08:21:22 AM |
| 102 | Omkar | ENTC     | 24-03-2025 08:21:22 AM |
| 103 | Rohan | CS       | 24-03-2025 08:21:22 AM |
+-----+-------+----------+------------------------+
4 rows in set (0.00 sec)

mysql>
mysql> DELETE FROM branchtable
    -> WHERE bid = 'IT';
Query OK, 1 row affected (0.00 sec)

mysql>
mysql> SELECT sid, name, branchid, date_format(enroll_date, '%d-%m-%Y %r') AS enroll_date FROM student;
+-----+-------+----------+------------------------+
| sid | name  | branchid | enroll_date            |
+-----+-------+----------+------------------------+
| 101 | Aman  | CS       | 24-03-2025 08:21:22 AM |
| 102 | Omkar | ENTC     | 24-03-2025 08:21:22 AM |
| 103 | Rohan | CS       | 24-03-2025 08:21:22 AM |
+-----+-------+----------+------------------------+
3 rows in set (0.00 sec)

mysql> SELECT * FROM branchtable;
+------+------------------+
| bid  | branchname       |
+------+------------------+
| CS   | Computer Science |
| ENTC | Electronics      |
+------+------------------+
2 rows in set (0.00 sec)

mysql>